C:\Users\THANH CONG\Desktop\app\frontend\src\main\java\com\xyzfood\Render\controllers\customer\MyReservationsController.java
C:\Users\THANH CONG\Desktop\app\frontend\src\main\java\com\xyzfood\Render\controllers\customer\CustomerDashboardController.java
C:\Users\THANH CONG\Desktop\app\frontend\src\main\java\com\xyzfood\Render\dto\Request\LoginRequest.java
C:\Users\THANH CONG\Desktop\app\frontend\src\main\java\com\xyzfood\Render\models\Reservation.java
C:\Users\THANH CONG\Desktop\app\frontend\src\main\java\com\xyzfood\Render\controllers\admin\FoodController.java
C:\Users\THANH CONG\Desktop\app\frontend\src\main\java\com\xyzfood\Render\controllers\customer\TableBookingController.java
C:\Users\THANH CONG\Desktop\app\frontend\src\main\java\com\xyzfood\Render\models\User.java
C:\Users\THANH CONG\Desktop\app\frontend\src\main\java\com\xyzfood\Render\dto\Response\RegisterResponse.java
C:\Users\THANH CONG\Desktop\app\frontend\src\main\java\com\xyzfood\Render\utils\ValidatorUtil.java
C:\Users\THANH CONG\Desktop\app\frontend\src\main\java\com\xyzfood\Render\services\ReservationService.java
C:\Users\THANH CONG\Desktop\app\frontend\src\main\java\com\xyzfood\Render\dto\Request\ReservationRequest.java
C:\Users\THANH CONG\Desktop\app\frontend\src\main\java\com\xyzfood\Render\controllers\customer\CartController.java
C:\Users\THANH CONG\Desktop\app\frontend\src\main\java\com\xyzfood\Render\config\AppConfig.java
C:\Users\THANH CONG\Desktop\app\frontend\src\main\java\com\xyzfood\Render\dto\Request\FoodOrderRequest.java
C:\Users\THANH CONG\Desktop\app\frontend\src\main\java\com\xyzfood\Render\dto\Response\APIResponse.java
C:\Users\THANH CONG\Desktop\app\frontend\src\main\java\com\xyzfood\Render\models\Food.java
C:\Users\THANH CONG\Desktop\app\frontend\src\main\java\com\xyzfood\Render\services\AuthService.java
C:\Users\THANH CONG\Desktop\app\frontend\src\main\java\com\xyzfood\Render\Launcher.java
C:\Users\THANH CONG\Desktop\app\frontend\src\main\java\com\xyzfood\Render\controllers\components\SidebarController.java
C:\Users\THANH CONG\Desktop\app\frontend\src\main\java\com\xyzfood\Render\App.java
C:\Users\THANH CONG\Desktop\app\frontend\src\main\java\com\xyzfood\Render\dto\Response\LoginResponse.java
C:\Users\THANH CONG\Desktop\app\frontend\src\main\java\com\xyzfood\Render\controllers\auth\RegisterController.java
C:\Users\THANH CONG\Desktop\app\frontend\src\main\java\com\xyzfood\Render\services\FoodService.java
C:\Users\THANH CONG\Desktop\app\frontend\src\main\java\com\xyzfood\Render\models\Table.java
C:\Users\THANH CONG\Desktop\app\frontend\src\main\java\com\xyzfood\Render\utils\AppExecutor.java
C:\Users\THANH CONG\Desktop\app\frontend\src\main\java\com\xyzfood\Render\utils\IconUtil.java
C:\Users\THANH CONG\Desktop\app\frontend\src\main\java\com\xyzfood\Render\controllers\components\LoadingController.java
C:\Users\THANH CONG\Desktop\app\frontend\src\main\java\com\xyzfood\Render\dto\Response\FoodImageUploadResponse.java
C:\Users\THANH CONG\Desktop\app\frontend\src\main\java\com\xyzfood\Render\utils\DateUtil.java
C:\Users\THANH CONG\Desktop\app\frontend\src\main\java\com\xyzfood\Render\controllers\components\UserNavbarController.java
C:\Users\THANH CONG\Desktop\app\frontend\src\main\java\com\xyzfood\Render\controllers\admin\CustomerManagementController.java
C:\Users\THANH CONG\Desktop\app\frontend\src\main\java\com\xyzfood\Render\controllers\auth\LoginController.java
C:\Users\THANH CONG\Desktop\app\frontend\src\main\java\com\xyzfood\Render\utils\AnimationUtil.java
C:\Users\THANH CONG\Desktop\app\frontend\src\main\java\com\xyzfood\Render\utils\ToastUtil.java
C:\Users\THANH CONG\Desktop\app\frontend\src\main\java\com\xyzfood\Render\services\ApiService.java
C:\Users\THANH CONG\Desktop\app\frontend\src\main\java\com\xyzfood\Render\config\SessionManager.java
C:\Users\THANH CONG\Desktop\app\frontend\src\main\java\com\xyzfood\Render\dto\Request\RegisterRequest.java
C:\Users\THANH CONG\Desktop\app\frontend\src\main\java\com\xyzfood\Render\models\FoodOrder.java
C:\Users\THANH CONG\Desktop\app\frontend\src\main\java\com\xyzfood\Render\controllers\admin\AdminDashboardController.java
C:\Users\THANH CONG\Desktop\app\frontend\src\main\java\com\xyzfood\Render\controllers\admin\ReservationManagementController.java
C:\Users\THANH CONG\Desktop\app\frontend\src\main\java\com\xyzfood\Render\config\ApiConfig.java
C:\Users\THANH CONG\Desktop\app\frontend\src\main\java\com\xyzfood\Render\controllers\admin\TableManagementController.java
C:\Users\THANH CONG\Desktop\app\frontend\src\main\java\com\xyzfood\Render\controllers\components\Cleanable.java
C:\Users\THANH CONG\Desktop\app\frontend\src\main\java\com\xyzfood\Render\services\AdminService.java
C:\Users\THANH CONG\Desktop\app\frontend\src\main\java\com\xyzfood\Render\controllers\admin\AdminCartController.java
C:\Users\THANH CONG\Desktop\app\frontend\src\main\java\com\xyzfood\Render\dto\Request\ReservationStatusRequest.java
